// Jest Snapshot v1, https://goo.gl/fbAQLP

exports[`<RecipeModalOverlay /> should render correctly 1`] = `
<DocumentFragment>
  <div
    class="sc-bdvvtL haQLmi"
    style="opacity: 0;"
  >
    test
  </div>
</DocumentFragment>
`;
