// Jest Snapshot v1, https://goo.gl/fbAQLP

exports[`<IngredientsListItem /> should render correctly 1`] = `
<DocumentFragment>
  <div
    class="sc-bdvvtL hAoHQO"
  >
    test
  </div>
</DocumentFragment>
`;
