// Jest Snapshot v1, https://goo.gl/fbAQLP

exports[`<FormLabel /> should render correctly 1`] = `
<DocumentFragment>
  <label
    class="sc-bdvvtL gJVqff"
    for="test"
  >
    test
  </label>
</DocumentFragment>
`;
