// Jest Snapshot v1, https://goo.gl/fbAQLP

exports[`<FormTextArea /> should render correctly 1`] = `
<DocumentFragment>
  <label
    class="sc-bdvvtL gJVqff"
    for="test"
  >
    test
  </label>
  <textarea
    class="sc-gsDKAQ OtYJG"
    placeholder="test"
  />
</DocumentFragment>
`;
